// Jest Snapshot v1, https://goo.gl/fbAQLP

exports[`should correctly render ExpensesSummary with 1 expense 1`] = `
<div
  className="page-header"
>
  <div
    className="content-container"
  >
    <h1
      className="page-header__title"
    >
      Viewing 
      <span />
       
      expenses
       totalling 
      <span>
        $0.00
      </span>
    </h1>
    <p>
      <span />
       
      expenses
       hidden
    </p>
    <div
      className="page-header__action"
    >
      <Link
        className="button"
        replace={false}
        to="/create"
      >
        Add Expenses
      </Link>
    </div>
  </div>
</div>
`;

exports[`should correctly render ExpensesSummary with multiple expenses 1`] = `
<div
  className="page-header"
>
  <div
    className="content-container"
  >
    <h1
      className="page-header__title"
    >
      Viewing 
      <span />
       
      expenses
       totalling 
      <span>
        $0.00
      </span>
    </h1>
    <p>
      <span />
       
      expenses
       hidden
    </p>
    <div
      className="page-header__action"
    >
      <Link
        className="button"
        replace={false}
        to="/create"
      >
        Add Expenses
      </Link>
    </div>
  </div>
</div>
`;
